// Jest Snapshot v1, https://goo.gl/fbAQLP

exports[`CardContent matches screenshot 1`] = `<DocumentFragment />`;
