// Jest Snapshot v1, https://goo.gl/fbAQLP

exports[`App renders the App 1`] = `<User />`;
